main.c:178:6:SystemClock_Config	88	static
main.c:214:6:Init_Line_Follower	0	static
main.c:235:6:Init_Control_NEC	0	static
main.c:245:5:Read_adc	8	static
main.c:255:6:Read_sensors_qtr	24	static
main.c:267:6:Get_error	120	static
main.c:316:6:Motor_left	16	static
main.c:343:6:Motor_right	16	static
main.c:370:6:Turbine	0	static
main.c:381:6:HAL_TIM_IC_CaptureCallback	12	static
main.c:423:6:Turn_on_off	8	static
main.c:458:6:Line_follower_state_machine	8	static
main.c:119:5:main	8	static
main.c:522:6:Error_Handler	0	static
