main.c:119:5:main	8	static
main.c:178:6:SystemClock_Config	88	static
main.c:214:6:Init_Line_Follower	24	static
main.c:235:6:Init_Control_NEC	16	static
main.c:245:5:Read_adc	16	static
main.c:255:6:Read_sensors_qtr	24	static
main.c:267:6:Get_error	168	static
main.c:316:6:Motor_left	16	static
main.c:343:6:Motor_right	16	static
main.c:370:6:Turbine	16	static
main.c:381:6:HAL_TIM_IC_CaptureCallback	16	static
main.c:422:6:Turn_on_off	16	static
main.c:457:6:Line_follower_state_machine	24	static
main.c:521:6:Error_Handler	4	static
